=== File Completions Log Thu Jun 19 08:45:53 CST 2025 ===
Thu Jun 19 08:46:14 CST 2025: ✅ sql-statements/sql-statement-prepare.md
Thu Jun 19 08:46:35 CST 2025: ✅ sql-statements/sql-statement-query-watch.md
Thu Jun 19 08:47:03 CST 2025: ✅ functions-a
Thu Jun 19 08:47:03 CST 2025: ✅ functions-and-operators/json
Thu Jun 19 08:47:13 CST 2025: ✅ tid
Thu Jun 19 08:47:23 CST 2025: ✅ information-schema/information-schema.md
Thu Jun 19 08:47:33 CST 2025: ✅ tidb-cloud/tidb-cloud-support.md
Thu Jun 19 08:47:33 CST 2025: ✅ as-of-timestamp.md
Thu Jun 19 08:47:39 CST 2025: ✅ sql-statements/sql-statement-recover-table.md
Thu Jun 19 08:47:44 CST 2025: ✅ tidb-cloud/release-notes-2023.md
Thu Jun 19 08:47:54 CST 2025: ✅ tidb-cloud/release-notes-2021.md
Thu Jun 19 08:49:03 CST 2025: ✅ sql-statements/sql-statement-rename-table.md
Thu Jun 19 08:49:35 CST 2025: ✅ tidb
Thu Jun 19 08:50:04 CST 2025: ✅ sql-statements/sql-statement-rename-user.md
Thu Jun 19 08:50:05 CST 2025: ✅ non-transactional-dml.md
Thu Jun 19 08:50:42 CST 2025: ✅ sql-statements/sql-statement-replace.md
Thu Jun 19 08:51:42 CST 2025: ✅ sql-statements/sql-statement-restore.md
Thu Jun 19 08:52:44 CST 2025: ✅ sql-statements/sql-statement-revoke-privileges.md
Thu Jun 19 08:53:05 CST 2025: ✅ sql-statements/sql-statement-revoke-role.md
Thu Jun 19 08:53:43 CST 2025: ✅ sql-statements/sql-statement-rollback.md
Thu Jun 19 08:54:06 CST 2025: ✅ sql-statements/sql-statement-savepoint.md
Thu Jun 19 08:55:30 CST 2025: ✅ sql-statements/sql-statement-select.md
Thu Jun 19 08:55:54 CST 2025: ✅ sql-statements/sql-statement-set-default-role.md
Thu Jun 19 08:56:10 CST 2025: ✅ placement-rules-in-sql.md
Thu Jun 19 08:56:30 CST 2025: ✅ character-set-and-
Thu Jun 19 08:56:34 CST 2025: ✅ sql-statements/sql-statement-set-names.md
Thu Jun 19 08:56:40 CST 2025: ✅ character-set-and-
Thu Jun 19 08:56:50 CST 2025: ✅ character-set-and-
Thu Jun 19 08:56:55 CST 2025: ✅ sql-statements/sql-statement-set-password.md
Thu Jun 19 08:57:01 CST 2025: ✅ character-set-and-
Thu Jun 19 08:57:11 CST 2025: ✅ character-set-and-
Thu Jun 19 08:57:16 CST 2025: ✅ sql-statements/sql-statement-set-resource-group.md
Thu Jun 19 08:57:21 CST 2025: ✅ character-set-and-
Thu Jun 19 08:57:31 CST 2025: ✅ character-set-and-
Thu Jun 19 08:57:31 CST 2025: ✅ tidb-cloud/release-notes-
Thu Jun 19 08:57:36 CST 2025: ✅ sql-statements/sql-statement-set-role.md
Thu Jun 19 08:57:41 CST 2025: ✅ character-set-and-
Thu Jun 19 08:57:41 CST 2025: ✅ tidb-cloud/release-notes-
Thu Jun 19 08:57:52 CST 2025: ✅ character-set-and-
Thu Jun 19 08:57:52 CST 2025: ✅ tidb-cloud/release-notes-
Thu Jun 19 08:58:00 CST 2025: ✅ sql-statements/sql-statement-set-transaction.md
Thu Jun 19 08:58:02 CST 2025: ✅ character-set-and-
Thu Jun 19 08:58:02 CST 2025: ✅ tidb-cloud/release-notes-
Thu Jun 19 08:58:12 CST 2025: ✅ character-set-and-
Thu Jun 19 08:58:12 CST 2025: ✅ tidb-cloud/release-notes-
Thu Jun 19 08:58:21 CST 2025: ✅ sql-statements/sql-statement-set-variable.md
Thu Jun 19 08:58:22 CST 2025: ✅ character-set-and-
Thu Jun 19 08:58:22 CST 2025: ✅ tidb-cloud/release-notes-
Thu Jun 19 08:58:32 CST 2025: ✅ character-set-and-
Thu Jun 19 08:58:33 CST 2025: ✅ tidb-cloud/release-notes-
Thu Jun 19 08:58:43 CST 2025: ✅ character-set-and-
Thu Jun 19 08:58:43 CST 2025: ✅ tidb-cloud/release-notes-
Thu Jun 19 08:58:44 CST 2025: ✅ sql-statements/sql-statement-show-analyze-status.md
Thu Jun 19 08:58:53 CST 2025: ✅ character-set-and-
Thu Jun 19 08:58:53 CST 2025: ✅ tidb-cloud/release-notes-
Thu Jun 19 08:59:03 CST 2025: ✅ character-set-and-
Thu Jun 19 08:59:03 CST 2025: ✅ tidb-cloud/release-notes-
Thu Jun 19 08:59:07 CST 2025: ✅ sql-statements/sql-statement-show-backups.md
Thu Jun 19 08:59:13 CST 2025: ✅ character-set-and-
Thu Jun 19 08:59:14 CST 2025: ✅ tidb-cloud/release-notes-
Thu Jun 19 08:59:24 CST 2025: ✅ character-set-and-
Thu Jun 19 08:59:24 CST 2025: ✅ tidb-cloud/release-notes-
Thu Jun 19 08:59:31 CST 2025: ✅ sql-statements/sql-statement-show-bindings.md
Thu Jun 19 08:59:34 CST 2025: ✅ character-set-and-
Thu Jun 19 08:59:34 CST 2025: ✅ tidb-cloud/release-notes-
Thu Jun 19 08:59:44 CST 2025: ✅ character-set-and-
Thu Jun 19 08:59:44 CST 2025: ✅ tidb-cloud/release-notes-
Thu Jun 19 08:59:50 CST 2025: ✅ sql-statements/sql-statement-show-builtins.md
Thu Jun 19 08:59:54 CST 2025: ✅ character-set-and-
Thu Jun 19 08:59:54 CST 2025: ✅ tidb-cloud/release-notes-
Thu Jun 19 09:00:05 CST 2025: ✅ character-set-and-
Thu Jun 19 09:00:05 CST 2025: ✅ tidb-cloud/release-notes-
Thu Jun 19 09:00:10 CST 2025: ✅ sql-statements/sql-statement-show-character-set.md
Thu Jun 19 09:00:15 CST 2025: ✅ character-set-and-
Thu Jun 19 09:00:15 CST 2025: ✅ tidb-cloud/release-notes-
Thu Jun 19 09:00:25 CST 2025: ✅ character-set-and-
Thu Jun 19 09:00:25 CST 2025: ✅ tidb-cloud/release-notes-
Thu Jun 19 09:00:31 CST 2025: ✅ sql-statements/sql-statement-show-collation.md
Thu Jun 19 09:00:35 CST 2025: ✅ character-set-and-
Thu Jun 19 09:00:35 CST 2025: ✅ tidb-cloud/release-notes-
Thu Jun 19 09:00:45 CST 2025: ✅ character-set-and-
Thu Jun 19 09:00:45 CST 2025: ✅ tidb-cloud/release-notes-
Thu Jun 19 09:00:53 CST 2025: ✅ sql-statements/sql-statement-show-column-stats-usage.md
Thu Jun 19 09:00:56 CST 2025: ✅ character-set-and-
Thu Jun 19 09:00:56 CST 2025: ✅ tidb-cloud/release-notes-
Thu Jun 19 09:01:06 CST 2025: ✅ character-set-and-
Thu Jun 19 09:01:06 CST 2025: ✅ tidb-cloud/release-notes-
Thu Jun 19 09:01:16 CST 2025: ✅ sql-statements/sql-statement-show-columns-from.md
Thu Jun 19 09:01:16 CST 2025: ✅ character-set-and-
Thu Jun 19 09:01:16 CST 2025: ✅ tidb-cloud/release-notes-
Thu Jun 19 09:01:26 CST 2025: ✅ character-set-and-
Thu Jun 19 09:01:26 CST 2025: ✅ tidb-cloud/release-notes-
Thu Jun 19 09:01:36 CST 2025: ✅ character-set-and-
Thu Jun 19 09:01:36 CST 2025: ✅ tidb-cloud/release-notes-
Thu Jun 19 09:01:37 CST 2025: ✅ sql-statements/sql-statement-show-create-database.md
Thu Jun 19 09:01:47 CST 2025: ✅ character-set-and-
Thu Jun 19 09:01:47 CST 2025: ✅ tidb-cloud/release-notes-
Thu Jun 19 09:01:57 CST 2025: ✅ character-set-and-
Thu Jun 19 09:01:57 CST 2025: ✅ tidb-cloud/release-notes-
Thu Jun 19 09:02:01 CST 2025: ✅ sql-statements/sql-statement-show-create-placement-policy.md
Thu Jun 19 09:02:07 CST 2025: ✅ character-set-and-
Thu Jun 19 09:02:07 CST 2025: ✅ tidb-cloud/release-notes-
Thu Jun 19 09:02:17 CST 2025: ✅ character-set-and-
Thu Jun 19 09:02:17 CST 2025: ✅ tidb-cloud/release-notes-
Thu Jun 19 09:02:27 CST 2025: ✅ character-set-and-
Thu Jun 19 09:02:28 CST 2025: ✅ tidb-cloud/release-notes-
Thu Jun 19 09:02:28 CST 2025: ✅ sql-statements/sql-statement-show-create-resource-group.md
Thu Jun 19 09:02:38 CST 2025: ✅ character-set-and-
Thu Jun 19 09:02:38 CST 2025: ✅ tidb-cloud/release-notes-
Thu Jun 19 09:02:47 CST 2025: ✅ sql-statements/sql-statement-show-create-sequence.md
Thu Jun 19 09:02:48 CST 2025: ✅ character-set-and-
Thu Jun 19 09:02:48 CST 2025: ✅ tidb-cloud/release-notes-
Thu Jun 19 09:02:58 CST 2025: ✅ character-set-and-
Thu Jun 19 09:02:58 CST 2025: ✅ tidb-cloud/release-notes-
Thu Jun 19 09:03:06 CST 2025: ✅ sql-statements/sql-statement-show-create-table.md
Thu Jun 19 09:03:08 CST 2025: ✅ character-set-and-
Thu Jun 19 09:03:08 CST 2025: ✅ tidb-cloud/release-notes-
Thu Jun 19 09:03:19 CST 2025: ✅ character-set-and-
Thu Jun 19 09:03:19 CST 2025: ✅ tidb-cloud/release-notes-
Thu Jun 19 09:03:24 CST 2025: ✅ sql-statements/sql-statement-show-create-user.md
Thu Jun 19 09:03:29 CST 2025: ✅ character-set-and-
Thu Jun 19 09:03:29 CST 2025: ✅ tidb-cloud/release-notes-
Thu Jun 19 09:03:39 CST 2025: ✅ character-set-and-
Thu Jun 19 09:03:39 CST 2025: ✅ tidb-cloud/release-notes-
Thu Jun 19 09:03:44 CST 2025: ✅ sql-statements/sql-statement-show-databases.md
Thu Jun 19 09:03:49 CST 2025: ✅ character-set-and-
Thu Jun 19 09:03:49 CST 2025: ✅ tidb-cloud/release-notes-
Thu Jun 19 09:04:00 CST 2025: ✅ character-set-and-
Thu Jun 19 09:04:00 CST 2025: ✅ tidb-cloud/release-notes-
Thu Jun 19 09:04:04 CST 2025: ✅ sql-statements/sql-statement-show-engines.md
Thu Jun 19 09:04:10 CST 2025: ✅ character-set-and-
Thu Jun 19 09:04:10 CST 2025: ✅ tidb-cloud/release-notes-
Thu Jun 19 09:04:20 CST 2025: ✅ character-set-and-
Thu Jun 19 09:04:20 CST 2025: ✅ tidb-cloud/release-notes-
Thu Jun 19 09:04:25 CST 2025: ✅ sql-statements/sql-statement-show-errors.md
Thu Jun 19 09:04:30 CST 2025: ✅ character-set-and-
Thu Jun 19 09:04:30 CST 2025: ✅ tidb-cloud/release-notes-
Thu Jun 19 09:04:40 CST 2025: ✅ character-set-and-
Thu Jun 19 09:04:41 CST 2025: ✅ tidb-cloud/release-notes-
Thu Jun 19 09:04:49 CST 2025: ✅ sql-statements/sql-statement-show-fields-from.md
Thu Jun 19 09:04:51 CST 2025: ✅ character-set-and-
Thu Jun 19 09:04:51 CST 2025: ✅ tidb-cloud/release-notes-
Thu Jun 19 09:05:01 CST 2025: ✅ character-set-and-
Thu Jun 19 09:05:01 CST 2025: ✅ tidb-cloud/release-notes-
Thu Jun 19 09:05:11 CST 2025: ✅ character-set-and-
Thu Jun 19 09:05:11 CST 2025: ✅ tidb-cloud/release-notes-
Thu Jun 19 09:05:12 CST 2025: ✅ sql-statements/sql-statement-show-grants.md
Thu Jun 19 09:05:21 CST 2025: ✅ character-set-and-
Thu Jun 19 09:05:21 CST 2025: ✅ tidb-cloud/release-notes-
Thu Jun 19 09:05:32 CST 2025: ✅ character-set-and-
Thu Jun 19 09:05:32 CST 2025: ✅ tidb-cloud/release-notes-
Thu Jun 19 09:05:33 CST 2025: ✅ sql-statements/sql-statement-show-import-job.md
Thu Jun 19 09:05:42 CST 2025: ✅ character-set-and-
Thu Jun 19 09:05:42 CST 2025: ✅ tidb-cloud/release-notes-
Thu Jun 19 09:05:52 CST 2025: ✅ character-set-and-
Thu Jun 19 09:05:52 CST 2025: ✅ tidb-cloud/release-notes-
Thu Jun 19 09:05:53 CST 2025: ✅ sql-statements/sql-statement-show-indexes.md
Thu Jun 19 09:06:02 CST 2025: ✅ character-set-and-
Thu Jun 19 09:06:02 CST 2025: ✅ tidb-cloud/release-notes-
Thu Jun 19 09:06:11 CST 2025: ✅ sql-statements/sql-statement-show-master-status.md
Thu Jun 19 09:06:12 CST 2025: ✅ character-set-and-
Thu Jun 19 09:06:12 CST 2025: ✅ tidb-cloud/release-notes-
Thu Jun 19 09:06:23 CST 2025: ✅ character-set-and-
Thu Jun 19 09:06:23 CST 2025: ✅ tidb-cloud/release-notes-
Thu Jun 19 09:06:31 CST 2025: ✅ sql-statements/sql-statement-show-placement.md
Thu Jun 19 09:06:33 CST 2025: ✅ character-set-and-
Thu Jun 19 09:06:33 CST 2025: ✅ tidb-cloud/release-notes-
Thu Jun 19 09:06:43 CST 2025: ✅ character-set-and-
Thu Jun 19 09:06:43 CST 2025: ✅ tidb-cloud/release-notes-
Thu Jun 19 09:06:53 CST 2025: ✅ character-set-and-
Thu Jun 19 09:06:53 CST 2025: ✅ tidb-cloud/release-notes-
Thu Jun 19 09:06:55 CST 2025: ✅ sql-statements/sql-statement-show-placement-for.md
Thu Jun 19 09:07:04 CST 2025: ✅ character-set-and-
Thu Jun 19 09:07:04 CST 2025: ✅ tidb-cloud/release-notes-
Thu Jun 19 09:07:13 CST 2025: ✅ sql-statements/sql-statement-show-placement-labels.md
Thu Jun 19 09:07:14 CST 2025: ✅ character-set-and-
Thu Jun 19 09:07:14 CST 2025: ✅ tidb-cloud/release-notes-
Thu Jun 19 09:07:24 CST 2025: ✅ character-set-and-
Thu Jun 19 09:07:24 CST 2025: ✅ tidb-cloud/release-notes-
Thu Jun 19 09:07:31 CST 2025: ✅ sql-statements/sql-statement-show-plugins.md
Thu Jun 19 09:07:34 CST 2025: ✅ character-set-and-
Thu Jun 19 09:07:34 CST 2025: ✅ tidb-cloud/release-notes-
Thu Jun 19 09:07:44 CST 2025: ✅ character-set-and-
Thu Jun 19 09:07:44 CST 2025: ✅ tidb-cloud/release-notes-
Thu Jun 19 09:07:53 CST 2025: ✅ sql-statements/sql-statement-show-privileges.md
Thu Jun 19 09:07:55 CST 2025: ✅ character-set-and-
Thu Jun 19 09:07:55 CST 2025: ✅ tidb-cloud/release-notes-
Thu Jun 19 09:08:05 CST 2025: ✅ character-set-and-
Thu Jun 19 09:08:05 CST 2025: ✅ tidb-cloud/release-notes-
Thu Jun 19 09:08:12 CST 2025: ✅ sql-statements/sql-statement-show-processlist.md
Thu Jun 19 09:08:15 CST 2025: ✅ character-set-and-
Thu Jun 19 09:08:15 CST 2025: ✅ tidb-cloud/release-notes-
Thu Jun 19 09:08:25 CST 2025: ✅ character-set-and-
Thu Jun 19 09:08:25 CST 2025: ✅ tidb-cloud/release-notes-
Thu Jun 19 09:08:36 CST 2025: ✅ character-set-and-
Thu Jun 19 09:08:36 CST 2025: ✅ tidb-cloud/release-notes-
Thu Jun 19 09:08:36 CST 2025: ✅ sql-statements/sql-statement-show-profiles.md
Thu Jun 19 09:08:46 CST 2025: ✅ character-set-and-
Thu Jun 19 09:08:46 CST 2025: ✅ tidb-cloud/release-notes-
Thu Jun 19 09:08:56 CST 2025: ✅ character-set-and-
Thu Jun 19 09:08:56 CST 2025: ✅ tidb-cloud/release-notes-
Thu Jun 19 09:08:57 CST 2025: ✅ sql-statements/sql-statement-show-schemas.md
Thu Jun 19 09:09:06 CST 2025: ✅ character-set-and-
Thu Jun 19 09:09:06 CST 2025: ✅ tidb-cloud/release-notes-
Thu Jun 19 09:09:16 CST 2025: ✅ character-set-and-
Thu Jun 19 09:09:17 CST 2025: ✅ tidb-cloud/release-notes-
Thu Jun 19 09:09:24 CST 2025: ✅ sql-statements/sql-statement-show-stats-buckets.md
Thu Jun 19 09:09:27 CST 2025: ✅ character-set-and-
Thu Jun 19 09:09:27 CST 2025: ✅ tidb-cloud/release-notes-
Thu Jun 19 09:09:37 CST 2025: ✅ character-set-and-
Thu Jun 19 09:09:37 CST 2025: ✅ tidb-cloud/release-notes-
Thu Jun 19 09:09:47 CST 2025: ✅ character-set-and-
Thu Jun 19 09:09:47 CST 2025: ✅ tidb-cloud/release-notes-
Thu Jun 19 09:09:47 CST 2025: ✅ sql-statements/sql-statement-show-stats-healthy.md
Thu Jun 19 09:09:57 CST 2025: ✅ character-set-and-
Thu Jun 19 09:09:57 CST 2025: ✅ tidb-cloud/release-notes-
Thu Jun 19 09:10:08 CST 2025: ✅ character-set-and-
Thu Jun 19 09:10:08 CST 2025: ✅ tidb-cloud/release-notes-
Thu Jun 19 09:10:11 CST 2025: ✅ sql-statements/sql-statement-show-stats-histograms.md
Thu Jun 19 09:10:18 CST 2025: ✅ character-set-and-
Thu Jun 19 09:10:18 CST 2025: ✅ tidb-cloud/release-notes-
Thu Jun 19 09:10:28 CST 2025: ✅ character-set-and-
Thu Jun 19 09:10:28 CST 2025: ✅ tidb-cloud/release-notes-
Thu Jun 19 09:10:32 CST 2025: ✅ sql-statements/sql-statement-show-stats-locked.md
Thu Jun 19 09:10:38 CST 2025: ✅ character-set-and-
Thu Jun 19 09:10:38 CST 2025: ✅ tidb-cloud/release-notes-
Thu Jun 19 09:10:48 CST 2025: ✅ character-set-and-
Thu Jun 19 09:10:48 CST 2025: ✅ tidb-cloud/release-notes-
Thu Jun 19 09:10:51 CST 2025: ✅ sql-statements/sql-statement-show-stats-meta.md
Thu Jun 19 09:10:59 CST 2025: ✅ character-set-and-
Thu Jun 19 09:10:59 CST 2025: ✅ tidb-cloud/release-notes-
Thu Jun 19 09:11:09 CST 2025: ✅ character-set-and-
Thu Jun 19 09:11:09 CST 2025: ✅ tidb-cloud/release-notes-
Thu Jun 19 09:11:11 CST 2025: ✅ sql-statements/sql-statement-show-stats-topn.md
Thu Jun 19 09:11:19 CST 2025: ✅ character-set-and-
Thu Jun 19 09:11:19 CST 2025: ✅ tidb-cloud/release-notes-
Thu Jun 19 09:11:29 CST 2025: ✅ character-set-and-
Thu Jun 19 09:11:29 CST 2025: ✅ tidb-cloud/release-notes-
Thu Jun 19 09:11:29 CST 2025: ✅ sql-statements/sql-statement-show-status.md
Thu Jun 19 09:11:39 CST 2025: ✅ character-set-and-
Thu Jun 19 09:11:39 CST 2025: ✅ tidb-cloud/release-notes-
Thu Jun 19 09:11:50 CST 2025: ✅ character-set-and-
Thu Jun 19 09:11:50 CST 2025: ✅ tidb-cloud/release-notes-
Thu Jun 19 09:12:00 CST 2025: ✅ character-set-and-
Thu Jun 19 09:12:00 CST 2025: ✅ tidb-cloud/release-notes-
Thu Jun 19 09:12:10 CST 2025: ✅ character-set-and-
Thu Jun 19 09:12:10 CST 2025: ✅ tidb-cloud/release-notes-
Thu Jun 19 09:12:14 CST 2025: ✅ sql-statements/sql-statement-show-table-next-rowid.md
Thu Jun 19 09:12:20 CST 2025: ✅ character-set-and-
Thu Jun 19 09:12:20 CST 2025: ✅ tidb-cloud/release-notes-
Thu Jun 19 09:12:30 CST 2025: ✅ character-set-and-
Thu Jun 19 09:12:30 CST 2025: ✅ tidb-cloud/release-notes-
Thu Jun 19 09:12:41 CST 2025: ✅ character-set-and-
Thu Jun 19 09:12:41 CST 2025: ✅ tidb-cloud/release-notes-
Thu Jun 19 09:12:41 CST 2025: ✅ sql-statements/sql-statement-show-table-regions.md
Thu Jun 19 09:12:51 CST 2025: ✅ character-set-and-
Thu Jun 19 09:12:51 CST 2025: ✅ tidb-cloud/release-notes-
Thu Jun 19 09:13:01 CST 2025: ✅ character-set-and-
Thu Jun 19 09:13:01 CST 2025: ✅ tidb-cloud/release-notes-
Thu Jun 19 09:13:02 CST 2025: ✅ sql-statements/sql-statement-show-table-status.md
Thu Jun 19 09:13:11 CST 2025: ✅ character-set-and-
Thu Jun 19 09:13:11 CST 2025: ✅ tidb-cloud/release-notes-
Thu Jun 19 09:13:21 CST 2025: ✅ sql-statements/sql-statement-show-tables.md
Thu Jun 19 09:13:21 CST 2025: ✅ character-set-and-
Thu Jun 19 09:13:21 CST 2025: ✅ tidb-cloud/release-notes-
Thu Jun 19 09:13:32 CST 2025: ✅ character-set-and-
Thu Jun 19 09:13:32 CST 2025: ✅ tidb-cloud/release-notes-
Thu Jun 19 09:13:42 CST 2025: ✅ character-set-and-
Thu Jun 19 09:13:42 CST 2025: ✅ tidb-cloud/release-notes-
Thu Jun 19 09:13:44 CST 2025: ✅ sql-statements/sql-statement-show-variables.md
Thu Jun 19 09:13:52 CST 2025: ✅ character-set-and-
Thu Jun 19 09:13:52 CST 2025: ✅ tidb-cloud/release-notes-
Thu Jun 19 09:14:02 CST 2025: ✅ character-set-and-
Thu Jun 19 09:14:02 CST 2025: ✅ tidb-cloud/release-notes-
Thu Jun 19 09:14:02 CST 2025: ✅ sql-statements/sql-statement-show-warnings.md
Thu Jun 19 09:14:12 CST 2025: ✅ character-set-and-
Thu Jun 19 09:14:12 CST 2025: ✅ tidb-cloud/release-notes-
Thu Jun 19 09:14:23 CST 2025: ✅ character-set-and-
Thu Jun 19 09:14:23 CST 2025: ✅ tidb-cloud/release-notes-
Thu Jun 19 09:14:28 CST 2025: ✅ sql-statements/sql-statement-split-region.md
Thu Jun 19 09:14:33 CST 2025: ✅ character-set-and-
Thu Jun 19 09:14:33 CST 2025: ✅ tidb-cloud/release-notes-
Thu Jun 19 09:14:43 CST 2025: ✅ character-set-and-
Thu Jun 19 09:14:43 CST 2025: ✅ tidb-cloud/release-notes-
Thu Jun 19 09:14:53 CST 2025: ✅ character-set-and-
Thu Jun 19 09:14:53 CST 2025: ✅ tidb-cloud/release-notes-
Thu Jun 19 09:14:56 CST 2025: ✅ sql-statements/sql-statement-start-transaction.md
Thu Jun 19 09:15:03 CST 2025: ✅ character-set-and-
Thu Jun 19 09:15:03 CST 2025: ✅ tidb-cloud/release-notes-
Thu Jun 19 09:15:14 CST 2025: ✅ character-set-and-
Thu Jun 19 09:15:14 CST 2025: ✅ tidb-cloud/release-notes-
Thu Jun 19 09:15:19 CST 2025: ✅ sql-statements/sql-statement-table.md
Thu Jun 19 09:15:24 CST 2025: ✅ character-set-and-
Thu Jun 19 09:15:24 CST 2025: ✅ tidb-cloud/release-notes-
Thu Jun 19 09:15:34 CST 2025: ✅ character-set-and-
Thu Jun 19 09:15:34 CST 2025: ✅ tidb-cloud/release-notes-
Thu Jun 19 09:15:44 CST 2025: ✅ character-set-and-
Thu Jun 19 09:15:44 CST 2025: ✅ tidb-cloud/release-notes-
Thu Jun 19 09:15:54 CST 2025: ✅ character-set-and-
Thu Jun 19 09:15:54 CST 2025: ✅ tidb-cloud/release-notes-
Thu Jun 19 09:16:05 CST 2025: ✅ character-set-and-
Thu Jun 19 09:16:05 CST 2025: ✅ tidb-cloud/release-notes-
Thu Jun 19 09:16:15 CST 2025: ✅ character-set-and-
Thu Jun 19 09:16:15 CST 2025: ✅ tidb-cloud/release-notes-
Thu Jun 19 09:16:25 CST 2025: ✅ character-set-and-
Thu Jun 19 09:16:25 CST 2025: ✅ tidb-cloud/release-notes-
Thu Jun 19 09:18:08 CST 2025: ✅ sql-statements/sql-statement-trace.md
Thu Jun 19 09:18:29 CST 2025: ✅ sql-statements/sql-statement-truncate.md
Thu Jun 19 09:18:48 CST 2025: ✅ sql-statements/sql-statement-unlock-stats.md
Thu Jun 19 09:19:11 CST 2025: ✅ sql-statements/sql-statement-update.md
Thu Jun 19 09:19:30 CST 2025: ✅ sql-statements/sql-statement-use.md
Thu Jun 19 09:19:49 CST 2025: ✅ sql-statements/sql-statement-with.md
Thu Jun 19 09:20:13 CST 2025: ✅ data-type-overview.md
Thu Jun 19 09:20:36 CST 2025: ✅ data-type-default-values.md
Thu Jun 19 09:21:02 CST 2025: ✅ data-type-numeric.md
Thu Jun 19 09:21:26 CST 2025: ✅ data-type-date-and-time.md
Thu Jun 19 09:21:47 CST 2025: ✅ data-type-string.md
Thu Jun 19 09:22:08 CST 2025: ✅ data-type-json.md
Thu Jun 19 09:22:31 CST 2025: ✅ functions-and-operators/functions-and-operators-overview.md
Thu Jun 19 09:22:54 CST 2025: ✅ functions-and-operators/type-conversion-in-expression-evaluation.md
Thu Jun 19 09:23:20 CST 2025: ✅ functions-and-operators/operators.md
Thu Jun 19 09:23:43 CST 2025: ✅ functions-and-operators/control-flow-functions.md
Thu Jun 19 09:24:12 CST 2025: ✅ functions-and-operators/string-functions.md
Thu Jun 19 09:24:35 CST 2025: ✅ functions-and-operators/numeric-functions-and-operators.md
Thu Jun 19 09:26:10 CST 2025: ✅ functions-and-operators/date-and-time-functions.md
Thu Jun 19 09:26:38 CST 2025: ✅ functions-and-operators/bit-functions-and-operators.md
Thu Jun 19 09:27:00 CST 2025: ✅ functions-and-operators/cast-functions-and-operators.md
Thu Jun 19 09:27:25 CST 2025: ✅ functions-and-operators/encryption-and-compression-functions.md
Thu Jun 19 09:27:49 CST 2025: ✅ functions-and-operators/locking-functions.md
Thu Jun 19 09:29:42 CST 2025: ✅ functions-and-operators/information-functions.md
Thu Jun 19 09:30:05 CST 2025: ✅ functions-and-operators/json-functions.md
Thu Jun 19 09:30:27 CST 2025: ✅ functions-and-operators/json-functions/json-functions-create.md
Thu Jun 19 09:31:05 CST 2025: ✅ functions-and-operators/json-functions/json-functions-search.md
Thu Jun 19 09:31:28 CST 2025: ✅ functions-and-operators/json-functions/json-functions-modify.md
Thu Jun 19 09:31:48 CST 2025: ✅ functions-and-operators/json-functions/json-functions-return.md
Thu Jun 19 09:32:09 CST 2025: ✅ functions-and-operators/json-functions/json-functions-utility.md
Thu Jun 19 09:32:35 CST 2025: ✅ functions-and-operators/json-functions/json-functions-aggregate.md
Thu Jun 19 09:32:58 CST 2025: ✅ functions-and-operators/aggregate-group-by-functions.md
Thu Jun 19 09:33:23 CST 2025: ✅ functions-and-operators/group-by-modifier.md
Thu Jun 19 09:33:47 CST 2025: ✅ functions-and-operators/window-functions.md
Thu Jun 19 09:34:08 CST 2025: ✅ functions-and-operators/sequence-functions.md
Thu Jun 19 09:34:26 CST 2025: ✅ functions-and-operators/utility-functions.md
Thu Jun 19 09:34:51 CST 2025: ✅ functions-and-operators/miscellaneous-functions.md
Thu Jun 19 09:35:17 CST 2025: ❌ functions-and-operators/tidb-functions.md
Thu Jun 19 09:35:41 CST 2025: ❌ functions-and-operators/tidb-functions.md
Thu Jun 19 09:36:06 CST 2025: ❌ functions-and-operators/tidb-functions.md
Thu Jun 19 09:36:33 CST 2025: ❌ functions-and-operators/tidb-functions.md
Thu Jun 19 09:36:59 CST 2025: ❌ functions-and-operators/tidb-functions.md
Thu Jun 19 09:37:52 CST 2025: ❌ functions-and-operators/tidb-functions.md
Thu Jun 19 09:38:18 CST 2025: ❌ functions-and-operators/tidb-functions.md
Thu Jun 19 09:38:43 CST 2025: ❌ functions-and-operators/tidb-functions.md
Thu Jun 19 09:39:10 CST 2025: ❌ functions-and-operators/tidb-functions.md
Thu Jun 19 09:39:34 CST 2025: ❌ functions-and-operators/tidb-functions.md
Thu Jun 19 09:39:57 CST 2025: ❌ functions-and-operators/tidb-functions.md
Thu Jun 19 09:40:23 CST 2025: ❌ functions-and-operators/tidb-functions.md
Thu Jun 19 09:40:47 CST 2025: ❌ functions-and-operators/tidb-functions.md
Thu Jun 19 09:41:11 CST 2025: ❌ functions-and-operators/tidb-functions.md
Thu Jun 19 09:41:35 CST 2025: ❌ functions-and-operators/tidb-functions.md
Thu Jun 19 09:42:01 CST 2025: ❌ functions-and-operators/tidb-functions.md
Thu Jun 19 09:42:28 CST 2025: ❌ functions-and-operators/tidb-functions.md
Thu Jun 19 09:42:56 CST 2025: ❌ functions-and-operators/tidb-functions.md
Thu Jun 19 09:43:23 CST 2025: ❌ functions-and-operators/tidb-functions.md
Thu Jun 19 09:43:49 CST 2025: ❌ functions-and-operators/tidb-functions.md
Thu Jun 19 09:49:37 CST 2025: ✅ functions-and-operators/tidb-functions.md
Thu Jun 19 09:50:05 CST 2025: ✅ functions-and-operators/precision-math.md
Thu Jun 19 09:50:28 CST 2025: ✅ functions-and-operators/set-operators.md
Thu Jun 19 09:50:53 CST 2025: ✅ functions-and-operators/expressions-pushed-down.md
Thu Jun 19 09:51:17 CST 2025: ✅ clustered-indexes.md
Thu Jun 19 09:51:40 CST 2025: ✅ constraints.md
Thu Jun 19 09:52:03 CST 2025: ✅ generated-columns.md
Thu Jun 19 09:52:30 CST 2025: ✅ sql-mode.md
Thu Jun 19 09:52:51 CST 2025: ✅ table-attributes.md
Thu Jun 19 09:53:15 CST 2025: ✅ transaction-overview.md
Thu Jun 19 09:53:38 CST 2025: ✅ transaction-isolation-levels.md
Thu Jun 19 09:54:02 CST 2025: ✅ optimistic-transaction.md
Thu Jun 19 09:54:24 CST 2025: ✅ pessimistic-transaction.md
Thu Jun 19 09:54:51 CST 2025: ✅ non-transactional-dml.md
Thu Jun 19 09:55:14 CST 2025: ✅ views.md
Thu Jun 19 09:55:41 CST 2025: ✅ partitioned-table.md
Thu Jun 19 09:56:05 CST 2025: ✅ temporary-tables.md
Thu Jun 19 09:56:28 CST 2025: ✅ cached-tables.md
Thu Jun 19 09:56:52 CST 2025: ✅ foreign-key.md
Thu Jun 19 09:57:17 CST 2025: ✅ character-set-and-collation.md
Thu Jun 19 09:57:38 CST 2025: ✅ character-set-gbk.md
Thu Jun 19 09:58:00 CST 2025: ✅ stale-read.md
Thu Jun 19 09:58:22 CST 2025: ✅ as-of-timestamp.md
Thu Jun 19 09:58:45 CST 2025: ✅ tidb-read-staleness.md
Thu Jun 19 09:59:07 CST 2025: ✅ tidb-external-ts.md
Thu Jun 19 09:59:31 CST 2025: ✅ read-historical-data.md
Thu Jun 19 09:59:56 CST 2025: ✅ placement-rules-in-sql.md
Thu Jun 19 10:00:19 CST 2025: ✅ mysql-schema/mysql-schema.md
Thu Jun 19 10:00:43 CST 2025: ✅ mysql-schema/mysql-schema-user.md
Thu Jun 19 10:01:08 CST 2025: ✅ information-schema/information-schema.md
Thu Jun 19 10:01:32 CST 2025: ✅ information-schema/information-schema-analyze-status.md
Thu Jun 19 10:01:51 CST 2025: ✅ information-schema/information-schema-check-constraints.md
Thu Jun 19 10:02:12 CST 2025: ✅ information-schema/client-errors-summary-by-host.md
Thu Jun 19 10:02:31 CST 2025: ✅ information-schema/client-errors-summary-by-user.md
Thu Jun 19 10:02:51 CST 2025: ✅ information-schema/client-errors-summary-global.md
Thu Jun 19 10:03:15 CST 2025: ✅ information-schema/information-schema-character-sets.md
Thu Jun 19 10:03:36 CST 2025: ✅ information-schema/information-schema-cluster-info.md
Thu Jun 19 10:04:00 CST 2025: ✅ information-schema/information-schema-collations.md
Thu Jun 19 10:04:20 CST 2025: ✅ information-schema/information-schema-collation-character-set-applicability.md
Thu Jun 19 10:04:43 CST 2025: ✅ information-schema/information-schema-columns.md
Thu Jun 19 10:05:11 CST 2025: ✅ information-schema/information-schema-data-lock-waits.md
Thu Jun 19 10:05:32 CST 2025: ✅ information-schema/information-schema-ddl-jobs.md
Thu Jun 19 10:05:57 CST 2025: ✅ information-schema/information-schema-deadlocks.md
Thu Jun 19 10:06:16 CST 2025: ✅ information-schema/information-schema-engines.md
Thu Jun 19 10:06:35 CST 2025: ✅ information-schema/information-schema-keywords.md
Thu Jun 19 10:06:59 CST 2025: ✅ information-schema/information-schema-key-column-usage.md
Thu Jun 19 10:07:18 CST 2025: ✅ information-schema/information-schema-memory-usage.md
Thu Jun 19 10:07:42 CST 2025: ✅ information-schema/information-schema-memory-usage-ops-history.md
Thu Jun 19 10:08:04 CST 2025: ✅ information-schema/information-schema-partitions.md
Thu Jun 19 10:08:25 CST 2025: ✅ information-schema/information-schema-placement-policies.md
Thu Jun 19 10:08:45 CST 2025: ✅ information-schema/information-schema-processlist.md
Thu Jun 19 10:09:06 CST 2025: ✅ information-schema/information-schema-referential-constraints.md
Thu Jun 19 10:09:29 CST 2025: ✅ information-schema/information-schema-resource-groups.md
Thu Jun 19 10:09:52 CST 2025: ✅ information-schema/information-schema-runaway-watches.md
Thu Jun 19 10:10:13 CST 2025: ✅ information-schema/information-schema-schemata.md
Thu Jun 19 10:10:37 CST 2025: ✅ information-schema/information-schema-sequences.md
Thu Jun 19 10:10:57 CST 2025: ✅ information-schema/information-schema-session-variables.md
Thu Jun 19 10:11:22 CST 2025: ✅ information-schema/information-schema-slow-query.md
Thu Jun 19 10:11:42 CST 2025: ✅ information-schema/information-schema-statistics.md
Thu Jun 19 10:12:04 CST 2025: ✅ information-schema/information-schema-tables.md
Thu Jun 19 10:12:28 CST 2025: ✅ information-schema/information-schema-table-constraints.md
Thu Jun 19 10:12:48 CST 2025: ✅ information-schema/information-schema-table-storage-stats.md
Thu Jun 19 10:13:05 CST 2025: ✅ information-schema/information-schema-tidb-check-constraints.md
Thu Jun 19 10:13:29 CST 2025: ✅ information-schema/information-schema-tidb-hot-regions-history.md
Thu Jun 19 10:13:53 CST 2025: ✅ information-schema/information-schema-tidb-indexes.md
Thu Jun 19 10:14:17 CST 2025: ✅ information-schema/information-schema-tidb-index-usage.md
Thu Jun 19 10:14:35 CST 2025: ✅ information-schema/information-schema-tidb-servers-info.md
Thu Jun 19 10:15:03 CST 2025: ✅ information-schema/information-schema-tidb-trx.md
Thu Jun 19 10:15:25 CST 2025: ✅ information-schema/information-schema-tiflash-replica.md
Thu Jun 19 10:15:47 CST 2025: ✅ information-schema/information-schema-tiflash-segments.md
Thu Jun 19 10:16:12 CST 2025: ✅ information-schema/information-schema-tiflash-tables.md
Thu Jun 19 10:16:36 CST 2025: ✅ information-schema/information-schema-tikv-region-peers.md
Thu Jun 19 10:16:59 CST 2025: ✅ information-schema/information-schema-tikv-region-status.md
Thu Jun 19 10:17:23 CST 2025: ✅ information-schema/information-schema-tikv-store-status.md
Thu Jun 19 10:17:46 CST 2025: ✅ information-schema/information-schema-user-attributes.md
Thu Jun 19 10:18:09 CST 2025: ✅ information-schema/information-schema-user-privileges.md
Thu Jun 19 10:18:31 CST 2025: ✅ information-schema/information-schema-variables-info.md
Thu Jun 19 10:18:59 CST 2025: ✅ information-schema/information-schema-views.md
Thu Jun 19 10:19:18 CST 2025: ✅ performance-schema/performance-schema.md
Thu Jun 19 10:19:36 CST 2025: ✅ performance-schema/performance-schema-session-connect-attrs.md
Thu Jun 19 10:19:56 CST 2025: ✅ sys-schema/sys-schema.md
Thu Jun 19 10:20:16 CST 2025: ✅ sys-schema/sys-schema-unused-indexes.md
Thu Jun 19 10:20:41 CST 2025: ✅ metadata-lock.md
Thu Jun 19 10:21:04 CST 2025: ✅ best-practices/uuid.md
Thu Jun 19 10:21:25 CST 2025: ✅ accelerated-table-creation.md
Thu Jun 19 10:21:47 CST 2025: ✅ tidb-cloud/api-overview.md
Thu Jun 19 10:22:11 CST 2025: ✅ tidb-cloud/cli-reference.md
Thu Jun 19 10:22:33 CST 2025: ✅ tidb-cloud/ticloud-auth-login.md
Thu Jun 19 10:22:57 CST 2025: ✅ tidb-cloud/ticloud-auth-logout.md
Thu Jun 19 10:23:20 CST 2025: ✅ tidb-cloud/ticloud-auth-whoami.md
Thu Jun 19 10:23:43 CST 2025: ✅ tidb-cloud/ticloud-cluster-create.md
Thu Jun 19 10:24:05 CST 2025: ✅ tidb-cloud/ticloud-cluster-delete.md
Thu Jun 19 10:24:32 CST 2025: ✅ tidb-cloud/ticloud-cluster-describe.md
Thu Jun 19 10:24:53 CST 2025: ✅ tidb-cloud/ticloud-cluster-list.md
Thu Jun 19 10:25:14 CST 2025: ✅ tidb-cloud/ticloud-serverless-update.md
Thu Jun 19 10:25:36 CST 2025: ✅ tidb-cloud/ticloud-serverless-spending-limit.md
Thu Jun 19 10:26:00 CST 2025: ✅ tidb-cloud/ticloud-serverless-region.md
Thu Jun 19 10:26:22 CST 2025: ✅ tidb-cloud/ticloud-serverless-shell.md
Thu Jun 19 10:26:42 CST 2025: ✅ tidb-cloud/ticloud-branch-create.md
Thu Jun 19 10:27:03 CST 2025: ✅ tidb-cloud/ticloud-branch-delete.md
Thu Jun 19 10:27:26 CST 2025: ✅ tidb-cloud/ticloud-branch-describe.md
Thu Jun 19 10:27:47 CST 2025: ✅ tidb-cloud/ticloud-branch-list.md
Thu Jun 19 10:28:11 CST 2025: ✅ tidb-cloud/ticloud-branch-shell.md
Thu Jun 19 10:28:35 CST 2025: ✅ tidb-cloud/ticloud-import-cancel.md
Thu Jun 19 10:28:55 CST 2025: ✅ tidb-cloud/ticloud-import-describe.md
Thu Jun 19 10:29:17 CST 2025: ✅ tidb-cloud/ticloud-import-list.md
Thu Jun 19 10:29:40 CST 2025: ✅ tidb-cloud/ticloud-import-start.md
Thu Jun 19 10:30:06 CST 2025: ✅ tidb-cloud/ticloud-serverless-export-create.md
Thu Jun 19 10:30:24 CST 2025: ✅ tidb-cloud/ticloud-serverless-export-describe.md
Thu Jun 19 10:30:45 CST 2025: ✅ tidb-cloud/ticloud-serverless-export-list.md
Thu Jun 19 10:31:08 CST 2025: ✅ tidb-cloud/ticloud-serverless-export-cancel.md
Thu Jun 19 10:31:31 CST 2025: ✅ tidb-cloud/ticloud-serverless-export-download.md
Thu Jun 19 10:31:52 CST 2025: ✅ tidb-cloud/ticloud-serverless-sql-user-create.md
Thu Jun 19 10:32:22 CST 2025: ✅ tidb-cloud/ticloud-serverless-sql-user-delete.md
Thu Jun 19 10:32:45 CST 2025: ✅ tidb-cloud/ticloud-serverless-sql-user-list.md
Thu Jun 19 10:33:05 CST 2025: ✅ tidb-cloud/ticloud-serverless-sql-user-update.md
Thu Jun 19 10:33:27 CST 2025: ✅ tidb-cloud/ticloud-serverless-authorized-network-create.md
Thu Jun 19 10:33:50 CST 2025: ✅ tidb-cloud/ticloud-serverless-authorized-network-delete.md
Thu Jun 19 10:34:12 CST 2025: ✅ tidb-cloud/ticloud-serverless-authorized-network-list.md
Thu Jun 19 10:34:36 CST 2025: ✅ tidb-cloud/ticloud-serverless-authorized-network-update.md
Thu Jun 19 10:34:56 CST 2025: ✅ tidb-cloud/ticloud-ai.md
Thu Jun 19 10:35:21 CST 2025: ✅ tidb-cloud/ticloud-completion.md
Thu Jun 19 10:35:44 CST 2025: ✅ tidb-cloud/ticloud-config-create.md
Thu Jun 19 10:36:02 CST 2025: ✅ tidb-cloud/ticloud-config-delete.md
Thu Jun 19 10:36:24 CST 2025: ✅ tidb-cloud/ticloud-config-describe.md
Thu Jun 19 10:36:46 CST 2025: ✅ tidb-cloud/ticloud-config-edit.md
Thu Jun 19 10:37:06 CST 2025: ✅ tidb-cloud/ticloud-config-list.md
Thu Jun 19 10:37:29 CST 2025: ✅ tidb-cloud/ticloud-config-set.md
Thu Jun 19 10:38:00 CST 2025: ✅ tidb-cloud/ticloud-config-use.md
Thu Jun 19 10:38:20 CST 2025: ✅ tidb-cloud/ticloud-project-list.md
Thu Jun 19 10:38:43 CST 2025: ✅ tidb-cloud/ticloud-upgrade.md
Thu Jun 19 10:39:03 CST 2025: ✅ tidb-cloud/ticloud-help.md
Thu Jun 19 10:39:26 CST 2025: ✅ tidb-architecture.md
Thu Jun 19 10:39:52 CST 2025: ✅ tidb-storage.md
Thu Jun 19 10:40:16 CST 2025: ✅ tidb-computing.md
Thu Jun 19 10:40:39 CST 2025: ✅ tidb-scheduling.md
Thu Jun 19 10:41:04 CST 2025: ✅ tso.md
Thu Jun 19 10:41:27 CST 2025: ✅ tikv-overview.md
Thu Jun 19 10:41:49 CST 2025: ✅ storage-engine/rocksdb-overview.md
Thu Jun 19 10:42:12 CST 2025: ✅ tiflash/tiflash-spill-disk.md
Thu Jun 19 10:42:34 CST 2025: ✅ tidb-cloud/tidb-cloud-partners.md
Thu Jun 19 10:42:56 CST 2025: ✅ tidb-cloud/managed-service-provider-customer.md
Thu Jun 19 10:43:20 CST 2025: ✅ tidb-cloud/cppo-customer.md
Thu Jun 19 10:43:43 CST 2025: ✅ tidb-distributed-execution-framework.md
Thu Jun 19 10:44:05 CST 2025: ✅ tidb-global-sort.md
Thu Jun 19 10:44:26 CST 2025: ✅ tidb-cloud/limitations-and-quotas.md
Thu Jun 19 10:44:50 CST 2025: ✅ tidb-cloud/serverless-limitations.md
Thu Jun 19 10:45:18 CST 2025: ✅ tidb-cloud/limited-sql-features.md
Thu Jun 19 10:45:38 CST 2025: ✅ tidb-limitations.md
Thu Jun 19 10:46:04 CST 2025: ✅ tidb-cloud/v8.5-performance-highlights.md
Thu Jun 19 10:46:29 CST 2025: ✅ tidb-cloud/v8.5-performance-benchmarking-with-tpcc.md
Thu Jun 19 10:46:57 CST 2025: ✅ tidb-cloud/v8.5-performance-benchmarking-with-sysbench.md
Thu Jun 19 10:47:23 CST 2025: ✅ tidb-cloud/v8.1-performance-benchmarking-with-tpcc.md
Thu Jun 19 10:47:50 CST 2025: ✅ tidb-cloud/v8.1-performance-benchmarking-with-sysbench.md
Thu Jun 19 10:48:12 CST 2025: ✅ tidb-cloud/v7.5-performance-benchmarking-with-tpcc.md
Thu Jun 19 10:48:35 CST 2025: ✅ tidb-cloud/v7.5-performance-benchmarking-with-sysbench.md
Thu Jun 19 10:49:00 CST 2025: ✅ tidb-cloud/v7.1-performance-benchmarking-with-tpcc.md
Thu Jun 19 10:49:24 CST 2025: ✅ tidb-cloud/v7.1-performance-benchmarking-with-sysbench.md
Thu Jun 19 10:49:49 CST 2025: ✅ tidb-cloud/v6.5-performance-benchmarking-with-tpcc.md
Thu Jun 19 10:50:14 CST 2025: ✅ tidb-cloud/v6.5-performance-benchmarking-with-sysbench.md
Thu Jun 19 11:32:00 CST 2025: ❌ system-variables.md
Thu Jun 19 11:32:04 CST 2025: ❌ system-variables.md
Thu Jun 19 11:32:07 CST 2025: ❌ system-variables.md
Thu Jun 19 11:33:45 CST 2025: ❌ system-variables.md
Thu Jun 19 11:33:48 CST 2025: ❌ system-variables.md
Thu Jun 19 11:33:52 CST 2025: ❌ system-variables.md
Thu Jun 19 11:33:55 CST 2025: ❌ system-variables.md
Thu Jun 19 11:33:58 CST 2025: ❌ system-variables.md
Thu Jun 19 11:34:01 CST 2025: ❌ system-variables.md
Thu Jun 19 11:38:18 CST 2025: ❌ system-variables.md
Thu Jun 19 11:38:21 CST 2025: ❌ system-variables.md
Thu Jun 19 11:38:24 CST 2025: ❌ system-variables.md
Thu Jun 19 11:39:58 CST 2025: ✅ status-variables.md
Thu Jun 19 11:40:01 CST 2025: ✅📏 table-filter.md
Thu Jun 19 11:40:04 CST 2025: ✅📏 table-filter.md
Thu Jun 19 11:40:07 CST 2025: ✅📏 table-filter.md
Thu Jun 19 11:40:10 CST 2025: ✅📏 table-filter.md
Thu Jun 19 11:40:14 CST 2025: ✅📏 table-filter.md
Thu Jun 19 11:40:17 CST 2025: ✅📏 table-filter.md
Thu Jun 19 11:40:20 CST 2025: ✅📏 table-filter.md
Thu Jun 19 11:40:23 CST 2025: ✅📏 table-filter.md
Thu Jun 19 11:40:26 CST 2025: ✅📏 table-filter.md
Thu Jun 19 11:40:29 CST 2025: ✅📏 table-filter.md
Thu Jun 19 11:40:32 CST 2025: ✅📏 table-filter.md
Thu Jun 19 11:40:35 CST 2025: ✅📏 table-filter.md
Thu Jun 19 11:40:38 CST 2025: ✅📏 table-filter.md
Thu Jun 19 11:40:42 CST 2025: ✅📏 table-filter.md
Thu Jun 19 11:40:45 CST 2025: ✅📏 table-filter.md
Thu Jun 19 11:40:48 CST 2025: ✅📏 table-filter.md
Thu Jun 19 11:40:51 CST 2025: ✅📏 table-filter.md
Thu Jun 19 11:40:54 CST 2025: ✅📏 table-filter.md
Thu Jun 19 11:40:57 CST 2025: ✅📏 table-filter.md
Thu Jun 19 11:41:00 CST 2025: ✅📏 table-filter.md
Thu Jun 19 11:41:03 CST 2025: ✅📏 table-filter.md
Thu Jun 19 11:41:06 CST 2025: ✅📏 table-filter.md
Thu Jun 19 11:41:10 CST 2025: ✅📏 table-filter.md
Thu Jun 19 11:41:13 CST 2025: ✅📏 table-filter.md
Thu Jun 19 11:41:16 CST 2025: ✅📏 table-filter.md
Thu Jun 19 11:41:19 CST 2025: ✅📏 table-filter.md
Thu Jun 19 11:41:22 CST 2025: ✅📏 table-filter.md
Thu Jun 19 11:41:25 CST 2025: ✅📏 table-filter.md
Thu Jun 19 11:41:28 CST 2025: ✅📏 table-filter.md
Thu Jun 19 11:41:31 CST 2025: ✅📏 table-filter.md
Thu Jun 19 11:41:34 CST 2025: ✅📏 table-filter.md
Thu Jun 19 11:41:37 CST 2025: ✅📏 table-filter.md
Thu Jun 19 11:41:41 CST 2025: ✅📏 table-filter.md
Thu Jun 19 11:41:44 CST 2025: ✅📏 table-filter.md
Thu Jun 19 11:42:17 CST 2025: ✅📏 table-filter.md
Thu Jun 19 11:42:20 CST 2025: ✅📏 table-filter.md
Thu Jun 19 11:42:23 CST 2025: ✅📏 table-filter.md
Thu Jun 19 11:42:27 CST 2025: ✅📏 table-filter.md
Thu Jun 19 11:42:30 CST 2025: ✅📏 table-filter.md
Thu Jun 19 11:42:33 CST 2025: ✅📏 table-filter.md
Thu Jun 19 11:43:36 CST 2025: ✅ external-storage-uri.md
Thu Jun 19 11:45:03 CST 2025: ✅ ddl-introduction.md
Thu Jun 19 11:45:33 CST 2025: ✅ troubleshoot-data-inconsistency-errors.md
Thu Jun 19 11:45:59 CST 2025: ✅ tidb-cloud/notifications.md
Thu Jun 19 11:46:34 CST 2025: ✅ tidb-cloud/tidb-cloud-glossary.md
Thu Jun 19 11:47:16 CST 2025: ✅ tidb-cloud/connected-care-overview.md
Thu Jun 19 11:47:51 CST 2025: ✅ tidb-cloud/connected-care-detail.md
Thu Jun 19 11:48:24 CST 2025: ✅ tidb-cloud/connected-ai-chat-in-im.md
Thu Jun 19 11:48:58 CST 2025: ✅ tidb-cloud/connected-slack-ticket-creation.md
Thu Jun 19 11:51:54 CST 2025: ✅ tidb-cloud/connected-lark-ticket-creation.md
Thu Jun 19 11:52:26 CST 2025: ✅ tidb-cloud/connected-slack-ticket-interaction.md
Thu Jun 19 11:53:17 CST 2025: ✅ tidb-cloud/connected-lark-ticket-interaction.md
Thu Jun 19 11:54:09 CST 2025: ✅ tidb-cloud/tidb-cloud-support.md
Thu Jun 19 11:54:12 CST 2025: ❌ tidb-cloud/tidb-cloud-faq.md
Thu Jun 19 11:55:20 CST 2025: ✅ tidb-cloud/serverless-faqs.md
Thu Jun 19 11:55:24 CST 2025: ✅📏 tidb-cloud/tidb-cloud-release-notes.md
Thu Jun 19 11:55:27 CST 2025: ❌ tidb-cloud/release-notes-2024.md
Thu Jun 19 11:55:30 CST 2025: ❌ tidb-cloud/release-notes-2023.md
Thu Jun 19 11:55:33 CST 2025: ❌ tidb-cloud/release-notes-2022.md
Thu Jun 19 11:56:58 CST 2025: ❌ tidb-cloud/release-notes-2021.md
Thu Jun 19 11:57:46 CST 2025: ❌ tidb-cloud/release-notes-2020.md
Thu Jun 19 11:58:36 CST 2025: ❌ tidb-cloud/notification-2024-09-15-console-maintenance.md
Thu Jun 19 12:00:13 CST 2025: ✅ tidb-cloud/notification-2024-04-18-dm-feature-maintenance.md
Thu Jun 19 12:01:12 CST 2025: ❌ tidb-cloud/notification-2024-04-16-monitoring-features-maintenance.md
Thu Jun 19 12:01:40 CST 2025: ✅ tidb-cloud/notification-2024-04-11-dm-feature-maintenance.md
Thu Jun 19 12:03:18 CST 2025: ❌ tidb-cloud/notification-2024-04-09-monitoring-features-maintenance.md
Thu Jun 19 12:05:53 CST 2025: ✅ tidb-cloud/notification-2023-11-14-scale-feature-maintenance.md
Thu Jun 19 12:06:15 CST 2025: ✅ tidb-cloud/notification-2023-09-26-console-maintenance.md
Thu Jun 19 12:06:36 CST 2025: ✅ tidb-cloud/notification-2023-08-31-console-maintenance.md
Thu Jun 19 12:48:47 CST 2025: ✅📏 system-variables.md
Thu Jun 19 13:00:16 CST 2025: ✅📏 tidb-cloud/tidb-cloud-faq.md
Thu Jun 19 13:00:19 CST 2025: ✅📏 tidb-cloud/release-notes-2024.md
Thu Jun 19 13:52:26 CST 2025: ✅📏 functions-and-operators/tidb-functions.md
Thu Jun 19 13:52:29 CST 2025: ✅📏 information-schema/information-schema.md
Thu Jun 19 13:52:57 CST 2025: ✅ tidb-cloud/tidb-cloud-support.md
Thu Jun 19 13:53:00 CST 2025: ✅📏 tidb-cloud/release-notes-2023.md
Thu Jun 19 13:53:03 CST 2025: ✅📏 tidb-cloud/release-notes-2022.md
Thu Jun 19 13:53:29 CST 2025: ✅ tidb-cloud/release-notes-2021.md
Thu Jun 19 13:53:54 CST 2025: ✅ tidb-cloud/release-notes-2020.md
Thu Jun 19 13:54:15 CST 2025: ✅ tidb-cloud/notification-2024-09-15-console-maintenance.md
Thu Jun 19 13:54:34 CST 2025: ✅ tidb-cloud/notification-2024-04-16-monitoring-features-maintenance.md
Thu Jun 19 13:54:56 CST 2025: ✅ tidb-cloud/notification-2024-04-09-monitoring-features-maintenance.md
Thu Jun 19 14:10:39 CST 2025: ✅📏 TOC-tidb-cloud.md
